#f
#f
#f
(#t 8)
#f
#f
#f
#f
(#t 8)
#f
(#t 16)
(#t 13)
#f
#f
#f
#f
(#t 22)
(#t 24)
#f
(#t 4)
(#t 4)
(#t 23)
#f
(#t 9)
#f
(#t 4)
(#t 18)
#f
(#t 4)
(#t 2)
(#t 9)
(#t 7)
(#t 2)
#f
#f
#f
(#t 7)
#f
#f
(#t 5)
(#t 7)
(#t 1)
#f
#f
(#t 6)
(#t 25)
(#t 8)
(#t 25)
(#t 17)
(#t 11)
#f
(#t 25)
(#t 12)
(#t 4)
(#t 3)
(#t 3)
(#t 2)
#f
(#t 3)
(#t 4)
(#t 12)
(#t 15)
#f
#f
(#t 3)
#f
(#t 4)
(#t 11)
(#t 23)
#f
#f
(#t 7)
(#t 10)
#f
(#t 9)
(#t 12)
(#t 24)
(#t 11)
(#t 3)
(#t 11)
#f
(#t 4)
(#t 11)
(#t 11)
(#t 7)
(#t 4)
#f
(#t 13)
(#t 9)
(#t 19)
(#t 26)
#f
(#t 8)
(#t 27)
#f
(#t 14)
#f
(#t 5)
#f
(#t 23)
